- QUITコードの確認
  Ctrl + \でQuitを送ることができるとわかる

$ stty -a
speed 38400 baud; rows 47; columns 192; line = 0;
intr = ^C; quit = ^\; erase = ^?; kill = ^U; eof = ^D; eol = M-^?; eol2 = M-^?; swtch = M-^?; start = ^Q; stop = ^S; susp = ^Z; rprnt = ^R; werase = ^W; lnext = ^V; discard = ^O;
min = 1; time = 0;
-parenb -parodd -cmspar cs8 hupcl -cstopb cread -clocal -crtscts
-ignbrk brkint -ignpar -parmrk -inpck -istrip -inlcr -igncr icrnl ixon -ixoff -iuclc ixany imaxbel iutf8
opost -olcuc -ocrnl onlcr -onocr -onlret -ofill -ofdel nl0 cr0 tab0 bs0 vt0 ff0
isig icanon iexten echo echoe echok -echonl -noflsh -xcase -tostop -echoprt echoctl echoke -flusho -extproc

$ cc -g0 -Wall -o /tmp/ex02-05 ex02-05.c
$ /tmp/ex02-05 ex02-05.c /dev/null
Ctrl+\でQUITを送る
^\終了 (コアダンプ)

Linuxの設定でコアが吐けないようになっているので変更
$ ulimit -a|egrep core
core file size          (blocks, -c) 0
$ ulimit -c unlimited
$ ulimit -a|egrep core
core file size          (blocks, -c) unlimited

さらにERROR: apportで吐けないのでこちらも設定変更
$ cat /var/log/apport.log
ERROR: apport (pid 4320) Tue Feb 27 22:23:55 2018: called for pid 4315, signal 3, core limit 0, dump mode 1
# echo core.%p > /proc/sys/kernel/core_pattern

$ gdb /tmp/ex02-05 ./core.5079
GNU gdb (Ubuntu 7.11.1-0ubuntu1~16.5) 7.11.1
Copyright (C) 2016 Free Software Foundation, Inc.
License GPLv3+: GNU GPL version 3 or later <http://gnu.org/licenses/gpl.html>
This is free software: you are free to change and redistribute it.
There is NO WARRANTY, to the extent permitted by law.  Type "show copying"
and "show warranty" for details.
This GDB was configured as "x86_64-linux-gnu".
Type "show configuration" for configuration details.
For bug reporting instructions, please see:
<http://www.gnu.org/software/gdb/bugs/>.
Find the GDB manual and other documentation resources online at:
<http://www.gnu.org/software/gdb/documentation/>.
For help, type "help".
Type "apropos word" to search for commands related to "word"...
Reading symbols from /tmp/ex02-05...done.
[New LWP 5079]
Core was generated by `/tmp/ex02-05 ./ex02-05.c /dev/null'.
Program terminated with signal SIGQUIT, Quit.
#0  0x00007f9981552260 in __read_nocancel () at ../sysdeps/unix/syscall-template.S:84
84	../sysdeps/unix/syscall-template.S: そのようなファイルやディレクトリはありません.
(gdb)
